V "4.6.0.0 Dec 18 2017"
R
C 3
= 000000000276EF28
R
P 000000000276EF28
S "model"
S "true"
C 5
R
P 000000000276EF28
C 7
= 00000000027799D8
R
P 000000000276EF28
C 4
R
P 00000000027799D8
U 2
C 327
R
P 00000000027799D8
C 337
R
P 00000000027799D8
C 34
= 0000000002783A28
R
P 00000000027799D8
C 337
R
P 00000000027799D8
P 0000000002783A28
C 255
R
P 00000000027799D8
C 337
R
P 00000000027799D8
P 0000000002783A28
C 9
R
P 00000000027799D8
C 337
R
P 00000000027799D8
S "x"
C 30
R
P 00000000027799D8
C 337
R
P 00000000027799D8
$ |x|
C 200
R
P 00000000027799D8
C 337
R
P 00000000027799D8
$ |x|
P 0000000002783A28
C 51
= 0000000002784368
R
P 00000000027799D8
C 337
R
P 00000000027799D8
P 0000000002784368
C 255
R
P 00000000027799D8
C 337
R
P 00000000027799D8
P 0000000002784368
C 252
= 0000000002783A28
R
P 00000000027799D8
C 337
R
P 00000000027799D8
P 0000000002783A28
C 207
R
P 00000000027799D8
C 337
R
P 00000000027799D8
P 0000000002784368
C 258
R
P 00000000027799D8
C 337
R
P 00000000027799D8
P 0000000002784368
C 257
R
P 00000000027799D8
C 337
R
P 00000000027799D8
P 0000000002784368
C 256
R
P 00000000027799D8
C 337
R
P 00000000027799D8
P 0000000002784368
C 9
R
P 00000000027799D8
C 337
R
P 00000000027799D8
S "y"
C 30
R
P 00000000027799D8
C 337
R
P 00000000027799D8
$ |y|
C 200
R
P 00000000027799D8
C 337
R
P 00000000027799D8
$ |y|
P 0000000002783A28
C 51
= 0000000002784388
R
P 00000000027799D8
C 337
R
P 00000000027799D8
P 0000000002784388
C 255
R
P 00000000027799D8
C 337
R
P 00000000027799D8
P 0000000002784388
C 252
= 0000000002783A28
R
P 00000000027799D8
C 337
R
P 00000000027799D8
P 0000000002783A28
C 207
R
P 00000000027799D8
C 337
R
P 00000000027799D8
P 0000000002784388
C 258
R
P 00000000027799D8
C 337
R
P 00000000027799D8
P 0000000002784388
C 257
R
P 00000000027799D8
C 337
R
P 00000000027799D8
P 0000000002784388
C 256
R
P 00000000027799D8
C 337
R
P 00000000027799D8
P 0000000002784388
C 9
R
P 00000000027799D8
C 337
R
P 00000000027799D8
I 1
I 0
I 0
C 346
= 00000000027D8D88
R
P 00000000027799D8
C 337
R
P 00000000027799D8
P 00000000027D8D88
C 347
R
P 00000000027799D8
C 337
R
P 00000000027799D8
U 2
P 0000000002784368
P 0000000002784388
p 2
C 65
= 0000000002789EC0
R
P 00000000027799D8
C 337
R
P 00000000027799D8
P 0000000002789EC0
C 255
R
P 00000000027799D8
C 337
R
P 00000000027799D8
P 0000000002789EC0
C 252
= 0000000002783A28
R
P 00000000027799D8
C 337
R
P 00000000027799D8
P 0000000002783A28
C 207
R
P 00000000027799D8
C 337
R
P 00000000027799D8
P 0000000002789EC0
C 258
R
P 00000000027799D8
C 337
R
P 00000000027799D8
P 0000000002789EC0
C 257
R
P 00000000027799D8
C 337
R
P 00000000027799D8
P 0000000002789EC0
C 256
R
P 00000000027799D8
C 337
R
P 00000000027799D8
P 0000000002789EC0
C 9
R
P 00000000027799D8
C 337
R
P 00000000027799D8
I 6
I 3
C 149
= 00000000027843A8
R
P 00000000027799D8
C 337
R
P 00000000027799D8
P 00000000027843A8
C 256
R
P 00000000027799D8
C 337
R
P 00000000027799D8
P 00000000027843A8
C 9
R
P 00000000027799D8
C 337
R
P 00000000027799D8
P 0000000002789EC0
P 00000000027843A8
C 74
= 0000000002789EF8
R
P 00000000027799D8
C 337
R
P 00000000027799D8
P 0000000002789EF8
C 256
R
P 00000000027799D8
C 337
R
P 00000000027799D8
P 0000000002789EF8
C 9
R
P 00000000027799D8
C 337
R
P 00000000027799D8
P 00000000027D8D88
P 0000000002789EF8
C 350
R
P 00000000027799D8
C 337
R
P 00000000027799D8
U 2
P 0000000002784368
P 0000000002784388
p 2
C 67
= 0000000002789F30
R
P 00000000027799D8
C 337
R
P 00000000027799D8
P 0000000002789F30
C 255
R
P 00000000027799D8
C 337
R
P 00000000027799D8
P 0000000002789F30
C 252
= 0000000002783A28
R
P 00000000027799D8
C 337
R
P 00000000027799D8
P 0000000002783A28
C 207
R
P 00000000027799D8
C 337
R
P 00000000027799D8
P 0000000002789F30
C 258
R
P 00000000027799D8
C 337
R
P 00000000027799D8
P 0000000002789F30
C 257
R
P 00000000027799D8
C 337
R
P 00000000027799D8
P 0000000002789F30
C 256
R
P 00000000027799D8
C 337
R
P 00000000027799D8
P 0000000002789F30
C 9
R
P 00000000027799D8
C 337
R
P 00000000027799D8
I 1
I 3
C 149
= 00000000027843C8
R
P 00000000027799D8
C 337
R
P 00000000027799D8
P 00000000027843C8
C 256
R
P 00000000027799D8
C 337
R
P 00000000027799D8
P 00000000027843C8
C 9
R
P 00000000027799D8
C 337
R
P 00000000027799D8
P 0000000002789F30
P 00000000027843C8
C 75
= 0000000002789F68
R
P 00000000027799D8
C 337
R
P 00000000027799D8
P 0000000002789F68
C 256
R
P 00000000027799D8
C 337
R
P 00000000027799D8
P 0000000002789F68
C 9
R
P 00000000027799D8
C 337
R
P 00000000027799D8
P 00000000027D8D88
P 0000000002789F68
C 350
R
P 00000000027799D8
C 337
R
P 00000000027799D8
C 406
= 0000000002765A08
R
P 00000000027799D8
C 337
R
P 00000000027799D8
P 0000000002765A08
C 414
R
P 00000000027799D8
C 337
R
P 00000000027799D8
P 00000000027D8D88
C 354
R
P 00000000027799D8
C 337
R
P 00000000027799D8
P 00000000027D8D88
U 0
C 355
= 0000000002789EF8
R
P 00000000027799D8
C 337
R
P 00000000027799D8
P 0000000002789EF8
C 256
R
P 00000000027799D8
C 337
R
P 00000000027799D8
P 0000000002789EF8
C 9
R
P 00000000027799D8
C 337
R
P 00000000027799D8
P 00000000027D8D88
U 1
C 355
= 0000000002789F68
R
P 00000000027799D8
C 337
R
P 00000000027799D8
P 0000000002789F68
C 256
R
P 00000000027799D8
C 337
R
P 00000000027799D8
P 0000000002789F68
C 9
R
P 00000000027799D8
C 337
R
P 00000000027799D8
P 0000000002765A08
P 0000000002789EF8
C 420
R
P 00000000027799D8
C 337
R
P 00000000027799D8
P 0000000002765A08
P 0000000002789F68
C 420
R
P 00000000027799D8
C 337
R
P 00000000027799D8
P 0000000002765A08
C 425
R
P 00000000027799D8
C 337
R
P 00000000027799D8
P 0000000002765A08
C 429
= 000000001B7CD198
R
P 00000000027799D8
C 337
R
P 00000000027799D8
P 000000001B7CD198
C 296
R
P 00000000027799D8
C 337
R
P 00000000027799D8
P 000000001B7CD198
C 332
R
P 00000000027799D8
C 337
